
[1m[30m[46m RUN [49m[39m[22m [36mv4.1.11 [39m[90m/app/applet[39m

 [32m✓[39m src/domain/curriculum/__tests__/CurriculumRegistry.test.ts [2m([22m[2m6 tests[22m[2m)[22m[32m 8[2mms[22m[39m

[2m Test Files [22m [1m[32m1 passed[39m[22m[90m (1)[39m
[2m      Tests [22m [1m[32m6 passed[39m[22m[90m (6)[39m
[2m   Start at [22m 10:29:16
[2m   Duration [22m 933ms[2m (transform 575ms, setup 0ms, import 677ms, tests 8ms, environment 0ms)[22m

